0 verbose cli /usr/local/bin/node /usr/local/bin/npm
1 info using npm@11.9.0
2 info using node@v24.14.0
3 silly config load:file:/usr/local/lib/node_modules/npm/npmrc
4 silly config load:file:/Users/swastikghosh/Downloads/heartcheck-ai/frontend/.npmrc
5 silly config load:file:/Users/swastikghosh/.npmrc
6 silly config load:file:/usr/local/etc/npmrc
7 verbose title npm install
8 verbose argv "install" "--cache" "./.npm-cache"
9 verbose logfile logs-max:10 dir:/Users/swastikghosh/Downloads/heartcheck-ai/frontend/.npm-cache/_logs/2026-05-25T21_50_31_559Z-
10 verbose logfile /Users/swastikghosh/Downloads/heartcheck-ai/frontend/.npm-cache/_logs/2026-05-25T21_50_31_559Z-debug-0.log
11 silly logfile done cleaning log files
12 silly packumentCache heap:4496293888 maxSize:1124073472 maxEntrySize:562036736
13 silly idealTree buildDeps
14 silly reify moves {}
15 silly audit bulk request {
15 silly audit   '@babel/code-frame': [ '7.29.7' ],
15 silly audit   '@babel/compat-data': [ '7.29.7' ],
15 silly audit   '@babel/core': [ '7.29.7' ],
15 silly audit   '@babel/generator': [ '7.29.7' ],
15 silly audit   '@babel/helper-compilation-targets': [ '7.29.7' ],
15 silly audit   '@babel/helper-globals': [ '7.29.7' ],
15 silly audit   '@babel/helper-module-imports': [ '7.29.7' ],
15 silly audit   '@babel/helper-module-transforms': [ '7.29.7' ],
15 silly audit   '@babel/helper-plugin-utils': [ '7.29.7' ],
15 silly audit   '@babel/helper-string-parser': [ '7.29.7' ],
15 silly audit   '@babel/helper-validator-identifier': [ '7.29.7' ],
15 silly audit   '@babel/helper-validator-option': [ '7.29.7' ],
15 silly audit   '@babel/helpers': [ '7.29.7' ],
15 silly audit   '@babel/parser': [ '7.29.7' ],
15 silly audit   '@babel/plugin-transform-react-jsx-self': [ '7.29.7' ],
15 silly audit   '@babel/plugin-transform-react-jsx-source': [ '7.29.7' ],
15 silly audit   '@babel/template': [ '7.29.7' ],
15 silly audit   '@babel/traverse': [ '7.29.7' ],
15 silly audit   '@babel/types': [ '7.29.7' ],
15 silly audit   '@esbuild/aix-ppc64': [ '0.21.5' ],
15 silly audit   '@esbuild/android-arm': [ '0.21.5' ],
15 silly audit   '@esbuild/android-arm64': [ '0.21.5' ],
15 silly audit   '@esbuild/android-x64': [ '0.21.5' ],
15 silly audit   '@esbuild/darwin-arm64': [ '0.21.5' ],
15 silly audit   '@esbuild/darwin-x64': [ '0.21.5' ],
15 silly audit   '@esbuild/freebsd-arm64': [ '0.21.5' ],
15 silly audit   '@esbuild/freebsd-x64': [ '0.21.5' ],
15 silly audit   '@esbuild/linux-arm': [ '0.21.5' ],
15 silly audit   '@esbuild/linux-arm64': [ '0.21.5' ],
15 silly audit   '@esbuild/linux-ia32': [ '0.21.5' ],
15 silly audit   '@esbuild/linux-loong64': [ '0.21.5' ],
15 silly audit   '@esbuild/linux-mips64el': [ '0.21.5' ],
15 silly audit   '@esbuild/linux-ppc64': [ '0.21.5' ],
15 silly audit   '@esbuild/linux-riscv64': [ '0.21.5' ],
15 silly audit   '@esbuild/linux-s390x': [ '0.21.5' ],
15 silly audit   '@esbuild/linux-x64': [ '0.21.5' ],
15 silly audit   '@esbuild/netbsd-x64': [ '0.21.5' ],
15 silly audit   '@esbuild/openbsd-x64': [ '0.21.5' ],
15 silly audit   '@esbuild/sunos-x64': [ '0.21.5' ],
15 silly audit   '@esbuild/win32-arm64': [ '0.21.5' ],
15 silly audit   '@esbuild/win32-ia32': [ '0.21.5' ],
15 silly audit   '@esbuild/win32-x64': [ '0.21.5' ],
15 silly audit   '@jridgewell/gen-mapping': [ '0.3.13' ],
15 silly audit   '@jridgewell/remapping': [ '2.3.5' ],
15 silly audit   '@jridgewell/resolve-uri': [ '3.1.2' ],
15 silly audit   '@jridgewell/sourcemap-codec': [ '1.5.5' ],
15 silly audit   '@jridgewell/trace-mapping': [ '0.3.31' ],
15 silly audit   '@rolldown/pluginutils': [ '1.0.0-beta.27' ],
15 silly audit   '@rollup/rollup-android-arm-eabi': [ '4.60.4' ],
15 silly audit   '@rollup/rollup-android-arm64': [ '4.60.4' ],
15 silly audit   '@rollup/rollup-darwin-arm64': [ '4.60.4' ],
15 silly audit   '@rollup/rollup-darwin-x64': [ '4.60.4' ],
15 silly audit   '@rollup/rollup-freebsd-arm64': [ '4.60.4' ],
15 silly audit   '@rollup/rollup-freebsd-x64': [ '4.60.4' ],
15 silly audit   '@rollup/rollup-linux-arm-gnueabihf': [ '4.60.4' ],
15 silly audit   '@rollup/rollup-linux-arm-musleabihf': [ '4.60.4' ],
15 silly audit   '@rollup/rollup-linux-arm64-gnu': [ '4.60.4' ],
15 silly audit   '@rollup/rollup-linux-arm64-musl': [ '4.60.4' ],
15 silly audit   '@rollup/rollup-linux-loong64-gnu': [ '4.60.4' ],
15 silly audit   '@rollup/rollup-linux-loong64-musl': [ '4.60.4' ],
15 silly audit   '@rollup/rollup-linux-ppc64-gnu': [ '4.60.4' ],
15 silly audit   '@rollup/rollup-linux-ppc64-musl': [ '4.60.4' ],
15 silly audit   '@rollup/rollup-linux-riscv64-gnu': [ '4.60.4' ],
15 silly audit   '@rollup/rollup-linux-riscv64-musl': [ '4.60.4' ],
15 silly audit   '@rollup/rollup-linux-s390x-gnu': [ '4.60.4' ],
15 silly audit   '@rollup/rollup-linux-x64-gnu': [ '4.60.4' ],
15 silly audit   '@rollup/rollup-linux-x64-musl': [ '4.60.4' ],
15 silly audit   '@rollup/rollup-openbsd-x64': [ '4.60.4' ],
15 silly audit   '@rollup/rollup-openharmony-arm64': [ '4.60.4' ],
15 silly audit   '@rollup/rollup-win32-arm64-msvc': [ '4.60.4' ],
15 silly audit   '@rollup/rollup-win32-ia32-msvc': [ '4.60.4' ],
15 silly audit   '@rollup/rollup-win32-x64-gnu': [ '4.60.4' ],
15 silly audit   '@rollup/rollup-win32-x64-msvc': [ '4.60.4' ],
15 silly audit   '@types/babel__core': [ '7.20.5' ],
15 silly audit   '@types/babel__generator': [ '7.27.0' ],
15 silly audit   '@types/babel__template': [ '7.4.4' ],
15 silly audit   '@types/babel__traverse': [ '7.28.0' ],
15 silly audit   '@types/estree': [ '1.0.8' ],
15 silly audit   '@vitejs/plugin-react': [ '4.7.0' ],
15 silly audit   'baseline-browser-mapping': [ '2.10.32' ],
15 silly audit   browserslist: [ '4.28.2' ],
15 silly audit   'caniuse-lite': [ '1.0.30001793' ],
15 silly audit   'convert-source-map': [ '2.0.0' ],
15 silly audit   debug: [ '4.4.3' ],
15 silly audit   'electron-to-chromium': [ '1.5.361' ],
15 silly audit   esbuild: [ '0.21.5' ],
15 silly audit   escalade: [ '3.2.0' ],
15 silly audit   fsevents: [ '2.3.3' ],
15 silly audit   gensync: [ '1.0.0-beta.2' ],
15 silly audit   'js-tokens': [ '4.0.0' ],
15 silly audit   jsesc: [ '3.1.0' ],
15 silly audit   json5: [ '2.2.3' ],
15 silly audit   'loose-envify': [ '1.4.0' ],
15 silly audit   'lru-cache': [ '5.1.1' ],
15 silly audit   ms: [ '2.1.3' ],
15 silly audit   nanoid: [ '3.3.12' ],
15 silly audit   'node-releases': [ '2.0.46' ],
15 silly audit   picocolors: [ '1.1.1' ],
15 silly audit   postcss: [ '8.5.15' ],
15 silly audit   react: [ '18.3.1' ],
15 silly audit   'react-dom': [ '18.3.1' ],
15 silly audit   'react-refresh': [ '0.17.0' ],
15 silly audit   rollup: [ '4.60.4' ],
15 silly audit   scheduler: [ '0.23.2' ],
15 silly audit   semver: [ '6.3.1' ],
15 silly audit   'source-map-js': [ '1.2.1' ],
15 silly audit   'update-browserslist-db': [ '1.2.3' ],
15 silly audit   vite: [ '5.4.21' ],
15 silly audit   yallist: [ '3.1.1' ]
15 silly audit }
16 http cache yallist@https://registry.npmjs.org/yallist/-/yallist-3.1.1.tgz 0ms (cache hit)
17 http cache vite@https://registry.npmjs.org/vite/-/vite-5.4.21.tgz 0ms (cache hit)
18 http cache update-browserslist-db@https://registry.npmjs.org/update-browserslist-db/-/update-browserslist-db-1.2.3.tgz 0ms (cache hit)
19 http cache source-map-js@https://registry.npmjs.org/source-map-js/-/source-map-js-1.2.1.tgz 0ms (cache hit)
20 http cache semver@https://registry.npmjs.org/semver/-/semver-6.3.1.tgz 0ms (cache hit)
21 http cache scheduler@https://registry.npmjs.org/scheduler/-/scheduler-0.23.2.tgz 0ms (cache hit)
22 http cache rollup@https://registry.npmjs.org/rollup/-/rollup-4.60.4.tgz 0ms (cache hit)
23 http cache react-dom@https://registry.npmjs.org/react-dom/-/react-dom-18.3.1.tgz 0ms (cache hit)
24 http cache react-refresh@https://registry.npmjs.org/react-refresh/-/react-refresh-0.17.0.tgz 0ms (cache hit)
25 http cache react@https://registry.npmjs.org/react/-/react-18.3.1.tgz 0ms (cache hit)
26 http cache postcss@https://registry.npmjs.org/postcss/-/postcss-8.5.15.tgz 0ms (cache hit)
27 http cache picocolors@https://registry.npmjs.org/picocolors/-/picocolors-1.1.1.tgz 0ms (cache hit)
28 http cache node-releases@https://registry.npmjs.org/node-releases/-/node-releases-2.0.46.tgz 0ms (cache hit)
29 http cache nanoid@https://registry.npmjs.org/nanoid/-/nanoid-3.3.12.tgz 0ms (cache hit)
30 http cache ms@https://registry.npmjs.org/ms/-/ms-2.1.3.tgz 0ms (cache hit)
31 http cache lru-cache@https://registry.npmjs.org/lru-cache/-/lru-cache-5.1.1.tgz 0ms (cache hit)
32 http cache loose-envify@https://registry.npmjs.org/loose-envify/-/loose-envify-1.4.0.tgz 0ms (cache hit)
33 http cache json5@https://registry.npmjs.org/json5/-/json5-2.2.3.tgz 0ms (cache hit)
34 http cache jsesc@https://registry.npmjs.org/jsesc/-/jsesc-3.1.0.tgz 0ms (cache hit)
35 http cache js-tokens@https://registry.npmjs.org/js-tokens/-/js-tokens-4.0.0.tgz 0ms (cache hit)
36 http cache gensync@https://registry.npmjs.org/gensync/-/gensync-1.0.0-beta.2.tgz 0ms (cache hit)
37 http cache fsevents@https://registry.npmjs.org/fsevents/-/fsevents-2.3.3.tgz 0ms (cache hit)
38 http cache escalade@https://registry.npmjs.org/escalade/-/escalade-3.2.0.tgz 0ms (cache hit)
39 http cache esbuild@https://registry.npmjs.org/esbuild/-/esbuild-0.21.5.tgz 0ms (cache hit)
40 http cache debug@https://registry.npmjs.org/debug/-/debug-4.4.3.tgz 0ms (cache hit)
41 http cache electron-to-chromium@https://registry.npmjs.org/electron-to-chromium/-/electron-to-chromium-1.5.361.tgz 0ms (cache hit)
42 http cache convert-source-map@https://registry.npmjs.org/convert-source-map/-/convert-source-map-2.0.0.tgz 0ms (cache hit)
43 http cache caniuse-lite@https://registry.npmjs.org/caniuse-lite/-/caniuse-lite-1.0.30001793.tgz 0ms (cache hit)
44 http cache browserslist@https://registry.npmjs.org/browserslist/-/browserslist-4.28.2.tgz 0ms (cache hit)
45 http cache baseline-browser-mapping@https://registry.npmjs.org/baseline-browser-mapping/-/baseline-browser-mapping-2.10.32.tgz 0ms (cache hit)
46 http cache @vitejs/plugin-react@https://registry.npmjs.org/@vitejs/plugin-react/-/plugin-react-4.7.0.tgz 0ms (cache hit)
47 http cache @types/estree@https://registry.npmjs.org/@types/estree/-/estree-1.0.8.tgz 0ms (cache hit)
48 http cache @types/babel__traverse@https://registry.npmjs.org/@types/babel__traverse/-/babel__traverse-7.28.0.tgz 0ms (cache hit)
49 http cache @types/babel__template@https://registry.npmjs.org/@types/babel__template/-/babel__template-7.4.4.tgz 0ms (cache hit)
50 http cache @types/babel__generator@https://registry.npmjs.org/@types/babel__generator/-/babel__generator-7.27.0.tgz 0ms (cache hit)
51 http cache @types/babel__core@https://registry.npmjs.org/@types/babel__core/-/babel__core-7.20.5.tgz 0ms (cache hit)
52 http cache @rollup/rollup-darwin-arm64@https://registry.npmjs.org/@rollup/rollup-darwin-arm64/-/rollup-darwin-arm64-4.60.4.tgz 0ms (cache hit)
53 http cache @rolldown/pluginutils@https://registry.npmjs.org/@rolldown/pluginutils/-/pluginutils-1.0.0-beta.27.tgz 0ms (cache hit)
54 http cache @jridgewell/trace-mapping@https://registry.npmjs.org/@jridgewell/trace-mapping/-/trace-mapping-0.3.31.tgz 0ms (cache hit)
55 http cache @jridgewell/sourcemap-codec@https://registry.npmjs.org/@jridgewell/sourcemap-codec/-/sourcemap-codec-1.5.5.tgz 0ms (cache hit)
56 http cache @jridgewell/resolve-uri@https://registry.npmjs.org/@jridgewell/resolve-uri/-/resolve-uri-3.1.2.tgz 0ms (cache hit)
57 http cache @jridgewell/remapping@https://registry.npmjs.org/@jridgewell/remapping/-/remapping-2.3.5.tgz 0ms (cache hit)
58 http cache @esbuild/darwin-arm64@https://registry.npmjs.org/@esbuild/darwin-arm64/-/darwin-arm64-0.21.5.tgz 0ms (cache hit)
59 http cache @jridgewell/gen-mapping@https://registry.npmjs.org/@jridgewell/gen-mapping/-/gen-mapping-0.3.13.tgz 0ms (cache hit)
60 http cache @babel/traverse@https://registry.npmjs.org/@babel/traverse/-/traverse-7.29.7.tgz 0ms (cache hit)
61 http cache @babel/types@https://registry.npmjs.org/@babel/types/-/types-7.29.7.tgz 0ms (cache hit)
62 http cache @babel/template@https://registry.npmjs.org/@babel/template/-/template-7.29.7.tgz 0ms (cache hit)
63 http cache @babel/plugin-transform-react-jsx-source@https://registry.npmjs.org/@babel/plugin-transform-react-jsx-source/-/plugin-transform-react-jsx-source-7.29.7.tgz 0ms (cache hit)
64 http cache @babel/plugin-transform-react-jsx-self@https://registry.npmjs.org/@babel/plugin-transform-react-jsx-self/-/plugin-transform-react-jsx-self-7.29.7.tgz 0ms (cache hit)
65 http cache @babel/parser@https://registry.npmjs.org/@babel/parser/-/parser-7.29.7.tgz 0ms (cache hit)
66 http cache @babel/helpers@https://registry.npmjs.org/@babel/helpers/-/helpers-7.29.7.tgz 0ms (cache hit)
67 http cache @babel/helper-validator-option@https://registry.npmjs.org/@babel/helper-validator-option/-/helper-validator-option-7.29.7.tgz 0ms (cache hit)
68 http cache @babel/helper-validator-identifier@https://registry.npmjs.org/@babel/helper-validator-identifier/-/helper-validator-identifier-7.29.7.tgz 0ms (cache hit)
69 http cache @babel/helper-string-parser@https://registry.npmjs.org/@babel/helper-string-parser/-/helper-string-parser-7.29.7.tgz 0ms (cache hit)
70 http cache @babel/helper-plugin-utils@https://registry.npmjs.org/@babel/helper-plugin-utils/-/helper-plugin-utils-7.29.7.tgz 0ms (cache hit)
71 http cache @babel/helper-module-transforms@https://registry.npmjs.org/@babel/helper-module-transforms/-/helper-module-transforms-7.29.7.tgz 0ms (cache hit)
72 http cache @babel/helper-module-imports@https://registry.npmjs.org/@babel/helper-module-imports/-/helper-module-imports-7.29.7.tgz 0ms (cache hit)
73 http cache @babel/helper-globals@https://registry.npmjs.org/@babel/helper-globals/-/helper-globals-7.29.7.tgz 0ms (cache hit)
74 http cache @babel/helper-compilation-targets@https://registry.npmjs.org/@babel/helper-compilation-targets/-/helper-compilation-targets-7.29.7.tgz 0ms (cache hit)
75 http cache @babel/generator@https://registry.npmjs.org/@babel/generator/-/generator-7.29.7.tgz 0ms (cache hit)
76 http cache @babel/core@https://registry.npmjs.org/@babel/core/-/core-7.29.7.tgz 0ms (cache hit)
77 http cache @babel/compat-data@https://registry.npmjs.org/@babel/compat-data/-/compat-data-7.29.7.tgz 0ms (cache hit)
78 http cache @babel/code-frame@https://registry.npmjs.org/@babel/code-frame/-/code-frame-7.29.7.tgz 0ms (cache hit)
79 silly tarball no local data for yallist@https://registry.npmjs.org/yallist/-/yallist-3.1.1.tgz. Extracting by manifest.
80 silly tarball no local data for vite@https://registry.npmjs.org/vite/-/vite-5.4.21.tgz. Extracting by manifest.
81 silly tarball no local data for update-browserslist-db@https://registry.npmjs.org/update-browserslist-db/-/update-browserslist-db-1.2.3.tgz. Extracting by manifest.
82 silly tarball no local data for source-map-js@https://registry.npmjs.org/source-map-js/-/source-map-js-1.2.1.tgz. Extracting by manifest.
83 silly tarball no local data for semver@https://registry.npmjs.org/semver/-/semver-6.3.1.tgz. Extracting by manifest.
84 silly tarball no local data for scheduler@https://registry.npmjs.org/scheduler/-/scheduler-0.23.2.tgz. Extracting by manifest.
85 silly tarball no local data for rollup@https://registry.npmjs.org/rollup/-/rollup-4.60.4.tgz. Extracting by manifest.
86 silly tarball no local data for react-dom@https://registry.npmjs.org/react-dom/-/react-dom-18.3.1.tgz. Extracting by manifest.
87 silly tarball no local data for react-refresh@https://registry.npmjs.org/react-refresh/-/react-refresh-0.17.0.tgz. Extracting by manifest.
88 silly tarball no local data for react@https://registry.npmjs.org/react/-/react-18.3.1.tgz. Extracting by manifest.
89 silly tarball no local data for postcss@https://registry.npmjs.org/postcss/-/postcss-8.5.15.tgz. Extracting by manifest.
90 silly tarball no local data for picocolors@https://registry.npmjs.org/picocolors/-/picocolors-1.1.1.tgz. Extracting by manifest.
91 silly tarball no local data for node-releases@https://registry.npmjs.org/node-releases/-/node-releases-2.0.46.tgz. Extracting by manifest.
92 silly tarball no local data for nanoid@https://registry.npmjs.org/nanoid/-/nanoid-3.3.12.tgz. Extracting by manifest.
93 silly tarball no local data for ms@https://registry.npmjs.org/ms/-/ms-2.1.3.tgz. Extracting by manifest.
94 silly tarball no local data for lru-cache@https://registry.npmjs.org/lru-cache/-/lru-cache-5.1.1.tgz. Extracting by manifest.
95 silly tarball no local data for loose-envify@https://registry.npmjs.org/loose-envify/-/loose-envify-1.4.0.tgz. Extracting by manifest.
96 silly tarball no local data for json5@https://registry.npmjs.org/json5/-/json5-2.2.3.tgz. Extracting by manifest.
97 silly tarball no local data for jsesc@https://registry.npmjs.org/jsesc/-/jsesc-3.1.0.tgz. Extracting by manifest.
98 silly tarball no local data for js-tokens@https://registry.npmjs.org/js-tokens/-/js-tokens-4.0.0.tgz. Extracting by manifest.
99 silly tarball no local data for gensync@https://registry.npmjs.org/gensync/-/gensync-1.0.0-beta.2.tgz. Extracting by manifest.
100 silly tarball no local data for fsevents@https://registry.npmjs.org/fsevents/-/fsevents-2.3.3.tgz. Extracting by manifest.
101 silly tarball no local data for escalade@https://registry.npmjs.org/escalade/-/escalade-3.2.0.tgz. Extracting by manifest.
102 silly tarball no local data for esbuild@https://registry.npmjs.org/esbuild/-/esbuild-0.21.5.tgz. Extracting by manifest.
103 silly tarball no local data for debug@https://registry.npmjs.org/debug/-/debug-4.4.3.tgz. Extracting by manifest.
104 silly tarball no local data for electron-to-chromium@https://registry.npmjs.org/electron-to-chromium/-/electron-to-chromium-1.5.361.tgz. Extracting by manifest.
105 silly tarball no local data for convert-source-map@https://registry.npmjs.org/convert-source-map/-/convert-source-map-2.0.0.tgz. Extracting by manifest.
106 silly tarball no local data for caniuse-lite@https://registry.npmjs.org/caniuse-lite/-/caniuse-lite-1.0.30001793.tgz. Extracting by manifest.
107 silly tarball no local data for browserslist@https://registry.npmjs.org/browserslist/-/browserslist-4.28.2.tgz. Extracting by manifest.
108 silly tarball no local data for baseline-browser-mapping@https://registry.npmjs.org/baseline-browser-mapping/-/baseline-browser-mapping-2.10.32.tgz. Extracting by manifest.
109 silly tarball no local data for @vitejs/plugin-react@https://registry.npmjs.org/@vitejs/plugin-react/-/plugin-react-4.7.0.tgz. Extracting by manifest.
110 silly tarball no local data for @types/estree@https://registry.npmjs.org/@types/estree/-/estree-1.0.8.tgz. Extracting by manifest.
111 silly tarball no local data for @types/babel__traverse@https://registry.npmjs.org/@types/babel__traverse/-/babel__traverse-7.28.0.tgz. Extracting by manifest.
112 silly tarball no local data for @types/babel__template@https://registry.npmjs.org/@types/babel__template/-/babel__template-7.4.4.tgz. Extracting by manifest.
113 silly tarball no local data for @types/babel__generator@https://registry.npmjs.org/@types/babel__generator/-/babel__generator-7.27.0.tgz. Extracting by manifest.
114 silly tarball no local data for @types/babel__core@https://registry.npmjs.org/@types/babel__core/-/babel__core-7.20.5.tgz. Extracting by manifest.
115 silly tarball no local data for @rollup/rollup-darwin-arm64@https://registry.npmjs.org/@rollup/rollup-darwin-arm64/-/rollup-darwin-arm64-4.60.4.tgz. Extracting by manifest.
116 silly tarball no local data for @rolldown/pluginutils@https://registry.npmjs.org/@rolldown/pluginutils/-/pluginutils-1.0.0-beta.27.tgz. Extracting by manifest.
117 silly tarball no local data for @jridgewell/trace-mapping@https://registry.npmjs.org/@jridgewell/trace-mapping/-/trace-mapping-0.3.31.tgz. Extracting by manifest.
118 silly tarball no local data for @jridgewell/sourcemap-codec@https://registry.npmjs.org/@jridgewell/sourcemap-codec/-/sourcemap-codec-1.5.5.tgz. Extracting by manifest.
119 silly tarball no local data for @jridgewell/resolve-uri@https://registry.npmjs.org/@jridgewell/resolve-uri/-/resolve-uri-3.1.2.tgz. Extracting by manifest.
120 silly tarball no local data for @jridgewell/remapping@https://registry.npmjs.org/@jridgewell/remapping/-/remapping-2.3.5.tgz. Extracting by manifest.
121 silly tarball no local data for @esbuild/darwin-arm64@https://registry.npmjs.org/@esbuild/darwin-arm64/-/darwin-arm64-0.21.5.tgz. Extracting by manifest.
122 silly tarball no local data for @jridgewell/gen-mapping@https://registry.npmjs.org/@jridgewell/gen-mapping/-/gen-mapping-0.3.13.tgz. Extracting by manifest.
123 silly tarball no local data for @babel/traverse@https://registry.npmjs.org/@babel/traverse/-/traverse-7.29.7.tgz. Extracting by manifest.
124 silly tarball no local data for @babel/types@https://registry.npmjs.org/@babel/types/-/types-7.29.7.tgz. Extracting by manifest.
125 silly tarball no local data for @babel/template@https://registry.npmjs.org/@babel/template/-/template-7.29.7.tgz. Extracting by manifest.
126 silly tarball no local data for @babel/plugin-transform-react-jsx-source@https://registry.npmjs.org/@babel/plugin-transform-react-jsx-source/-/plugin-transform-react-jsx-source-7.29.7.tgz. Extracting by manifest.
127 silly tarball no local data for @babel/plugin-transform-react-jsx-self@https://registry.npmjs.org/@babel/plugin-transform-react-jsx-self/-/plugin-transform-react-jsx-self-7.29.7.tgz. Extracting by manifest.
128 silly tarball no local data for @babel/parser@https://registry.npmjs.org/@babel/parser/-/parser-7.29.7.tgz. Extracting by manifest.
129 silly tarball no local data for @babel/helpers@https://registry.npmjs.org/@babel/helpers/-/helpers-7.29.7.tgz. Extracting by manifest.
130 silly tarball no local data for @babel/helper-validator-option@https://registry.npmjs.org/@babel/helper-validator-option/-/helper-validator-option-7.29.7.tgz. Extracting by manifest.
131 silly tarball no local data for @babel/helper-validator-identifier@https://registry.npmjs.org/@babel/helper-validator-identifier/-/helper-validator-identifier-7.29.7.tgz. Extracting by manifest.
132 silly tarball no local data for @babel/helper-string-parser@https://registry.npmjs.org/@babel/helper-string-parser/-/helper-string-parser-7.29.7.tgz. Extracting by manifest.
133 silly tarball no local data for @babel/helper-plugin-utils@https://registry.npmjs.org/@babel/helper-plugin-utils/-/helper-plugin-utils-7.29.7.tgz. Extracting by manifest.
134 silly tarball no local data for @babel/helper-module-transforms@https://registry.npmjs.org/@babel/helper-module-transforms/-/helper-module-transforms-7.29.7.tgz. Extracting by manifest.
135 silly tarball no local data for @babel/helper-module-imports@https://registry.npmjs.org/@babel/helper-module-imports/-/helper-module-imports-7.29.7.tgz. Extracting by manifest.
136 silly tarball no local data for @babel/helper-globals@https://registry.npmjs.org/@babel/helper-globals/-/helper-globals-7.29.7.tgz. Extracting by manifest.
137 silly tarball no local data for @babel/helper-compilation-targets@https://registry.npmjs.org/@babel/helper-compilation-targets/-/helper-compilation-targets-7.29.7.tgz. Extracting by manifest.
138 silly tarball no local data for @babel/generator@https://registry.npmjs.org/@babel/generator/-/generator-7.29.7.tgz. Extracting by manifest.
139 silly tarball no local data for @babel/core@https://registry.npmjs.org/@babel/core/-/core-7.29.7.tgz. Extracting by manifest.
140 silly tarball no local data for @babel/compat-data@https://registry.npmjs.org/@babel/compat-data/-/compat-data-7.29.7.tgz. Extracting by manifest.
141 silly tarball no local data for @babel/code-frame@https://registry.npmjs.org/@babel/code-frame/-/code-frame-7.29.7.tgz. Extracting by manifest.
142 http fetch GET 200 https://registry.npmjs.org/picocolors/-/picocolors-1.1.1.tgz 286ms (cache miss)
143 http fetch GET 200 https://registry.npmjs.org/update-browserslist-db/-/update-browserslist-db-1.2.3.tgz 288ms (cache miss)
144 http fetch GET 200 https://registry.npmjs.org/node-releases/-/node-releases-2.0.46.tgz 287ms (cache miss)
145 http fetch GET 200 https://registry.npmjs.org/react-refresh/-/react-refresh-0.17.0.tgz 290ms (cache miss)
146 http fetch GET 200 https://registry.npmjs.org/semver/-/semver-6.3.1.tgz 293ms (cache miss)
147 http fetch GET 200 https://registry.npmjs.org/scheduler/-/scheduler-0.23.2.tgz 299ms (cache miss)
148 http fetch GET 200 https://registry.npmjs.org/nanoid/-/nanoid-3.3.12.tgz 307ms (cache miss)
149 http fetch GET 200 https://registry.npmjs.org/ms/-/ms-2.1.3.tgz 310ms (cache miss)
150 http fetch GET 200 https://registry.npmjs.org/react/-/react-18.3.1.tgz 312ms (cache miss)
151 http fetch GET 200 https://registry.npmjs.org/postcss/-/postcss-8.5.15.tgz 315ms (cache miss)
152 http fetch GET 200 https://registry.npmjs.org/loose-envify/-/loose-envify-1.4.0.tgz 322ms (cache miss)
153 http fetch GET 200 https://registry.npmjs.org/lru-cache/-/lru-cache-5.1.1.tgz 322ms (cache miss)
154 http fetch GET 200 https://registry.npmjs.org/json5/-/json5-2.2.3.tgz 348ms (cache miss)
155 http fetch GET 200 https://registry.npmjs.org/jsesc/-/jsesc-3.1.0.tgz 350ms (cache miss)
156 http fetch GET 200 https://registry.npmjs.org/js-tokens/-/js-tokens-4.0.0.tgz 362ms (cache miss)
157 http fetch GET 200 https://registry.npmjs.org/npm 457ms
158 http fetch GET 200 https://registry.npmjs.org/escalade/-/escalade-3.2.0.tgz 421ms (cache miss)
159 http fetch GET 200 https://registry.npmjs.org/fsevents/-/fsevents-2.3.3.tgz 422ms (cache miss)
160 http fetch GET 200 https://registry.npmjs.org/yallist/-/yallist-3.1.1.tgz 430ms (cache miss)
161 http fetch GET 200 https://registry.npmjs.org/convert-source-map/-/convert-source-map-2.0.0.tgz 425ms (cache miss)
162 http fetch GET 200 https://registry.npmjs.org/gensync/-/gensync-1.0.0-beta.2.tgz 429ms (cache miss)
163 http fetch GET 200 https://registry.npmjs.org/debug/-/debug-4.4.3.tgz 429ms (cache miss)
164 http fetch GET 200 https://registry.npmjs.org/electron-to-chromium/-/electron-to-chromium-1.5.361.tgz 430ms (cache miss)
165 http fetch GET 200 https://registry.npmjs.org/esbuild/-/esbuild-0.21.5.tgz 430ms (cache miss)
166 http fetch GET 200 https://registry.npmjs.org/vite/-/vite-5.4.21.tgz 442ms (cache miss)
167 http fetch GET 200 https://registry.npmjs.org/source-map-js/-/source-map-js-1.2.1.tgz 442ms (cache miss)
168 http fetch GET 200 https://registry.npmjs.org/rollup/-/rollup-4.60.4.tgz 448ms (cache miss)
169 http fetch GET 200 https://registry.npmjs.org/react-dom/-/react-dom-18.3.1.tgz 454ms (cache miss)
170 http fetch GET 200 https://registry.npmjs.org/browserslist/-/browserslist-4.28.2.tgz 461ms (cache miss)
171 http fetch GET 200 https://registry.npmjs.org/baseline-browser-mapping/-/baseline-browser-mapping-2.10.32.tgz 461ms (cache miss)
172 http fetch GET 200 https://registry.npmjs.org/@types/babel__generator/-/babel__generator-7.27.0.tgz 488ms (cache miss)
173 http fetch GET 200 https://registry.npmjs.org/caniuse-lite/-/caniuse-lite-1.0.30001793.tgz 564ms (cache miss)
174 http fetch GET 200 https://registry.npmjs.org/@babel/traverse/-/traverse-7.29.7.tgz 587ms (cache miss)
175 http fetch GET 200 https://registry.npmjs.org/@types/estree/-/estree-1.0.8.tgz 721ms (cache miss)
176 http fetch GET 200 https://registry.npmjs.org/@types/babel__template/-/babel__template-7.4.4.tgz 736ms (cache miss)
177 http fetch GET 200 https://registry.npmjs.org/@types/babel__traverse/-/babel__traverse-7.28.0.tgz 736ms (cache miss)
178 http fetch GET 200 https://registry.npmjs.org/@types/babel__core/-/babel__core-7.20.5.tgz 747ms (cache miss)
179 http fetch GET 200 https://registry.npmjs.org/@vitejs/plugin-react/-/plugin-react-4.7.0.tgz 753ms (cache miss)
180 http fetch GET 200 https://registry.npmjs.org/@rolldown/pluginutils/-/pluginutils-1.0.0-beta.27.tgz 753ms (cache miss)
181 http fetch GET 200 https://registry.npmjs.org/@babel/template/-/template-7.29.7.tgz 790ms (cache miss)
182 http fetch GET 200 https://registry.npmjs.org/@babel/types/-/types-7.29.7.tgz 795ms (cache miss)
183 http fetch GET 200 https://registry.npmjs.org/@babel/plugin-transform-react-jsx-self/-/plugin-transform-react-jsx-self-7.29.7.tgz 894ms (cache miss)
184 http fetch GET 200 https://registry.npmjs.org/@jridgewell/remapping/-/remapping-2.3.5.tgz 896ms (cache miss)
185 http fetch GET 200 https://registry.npmjs.org/@jridgewell/sourcemap-codec/-/sourcemap-codec-1.5.5.tgz 924ms (cache miss)
186 http fetch POST 200 https://registry.npmjs.org/-/npm/v1/security/advisories/bulk 945ms
187 silly audit report {
187 silly audit report   esbuild: [
187 silly audit report     {
187 silly audit report       id: 1102341,
187 silly audit report       url: 'https://github.com/advisories/GHSA-67mh-4wv8-2f99',
187 silly audit report       title: 'esbuild enables any website to send any requests to the development server and read the response',
187 silly audit report       severity: 'moderate',
187 silly audit report       vulnerable_versions: '<=0.24.2',
187 silly audit report       cwe: [Array],
187 silly audit report       cvss: [Object]
187 silly audit report     }
187 silly audit report   ],
187 silly audit report   vite: [
187 silly audit report     {
187 silly audit report       id: 1116229,
187 silly audit report       url: 'https://github.com/advisories/GHSA-4w7w-66w2-5vf9',
187 silly audit report       title: 'Vite Vulnerable to Path Traversal in Optimized Deps `.map` Handling',
187 silly audit report       severity: 'moderate',
187 silly audit report       vulnerable_versions: '<=6.4.1',
187 silly audit report       cwe: [Array],
187 silly audit report       cvss: [Object]
187 silly audit report     }
187 silly audit report   ]
187 silly audit report }
188 silly packumentCache corgi:https://registry.npmjs.org/esbuild cache-miss
189 silly packumentCache corgi:https://registry.npmjs.org/vite cache-miss
190 http fetch GET 200 https://registry.npmjs.org/@babel/helper-validator-option/-/helper-validator-option-7.29.7.tgz 951ms (cache miss)
191 http fetch GET 200 https://registry.npmjs.org/@babel/helper-validator-identifier/-/helper-validator-identifier-7.29.7.tgz 975ms (cache miss)
192 http fetch GET 200 https://registry.npmjs.org/@jridgewell/trace-mapping/-/trace-mapping-0.3.31.tgz 986ms (cache miss)
193 http fetch GET 200 https://registry.npmjs.org/@babel/helper-plugin-utils/-/helper-plugin-utils-7.29.7.tgz 986ms (cache miss)
194 http fetch GET 200 https://registry.npmjs.org/@babel/helper-string-parser/-/helper-string-parser-7.29.7.tgz 1006ms (cache miss)
195 http fetch GET 200 https://registry.npmjs.org/@babel/helper-module-imports/-/helper-module-imports-7.29.7.tgz 1006ms (cache miss)
196 http fetch GET 200 https://registry.npmjs.org/@babel/helper-module-transforms/-/helper-module-transforms-7.29.7.tgz 1255ms (cache miss)
197 http fetch GET 200 https://registry.npmjs.org/@babel/compat-data/-/compat-data-7.29.7.tgz 1254ms (cache miss)
198 http fetch GET 200 https://registry.npmjs.org/@babel/helper-globals/-/helper-globals-7.29.7.tgz 1449ms (cache miss)
199 http fetch GET 200 https://registry.npmjs.org/@babel/code-frame/-/code-frame-7.29.7.tgz 1509ms (cache miss)
200 http fetch GET 200 https://registry.npmjs.org/@jridgewell/resolve-uri/-/resolve-uri-3.1.2.tgz 1603ms (cache miss)
201 http fetch GET 200 https://registry.npmjs.org/@rollup/rollup-darwin-arm64/-/rollup-darwin-arm64-4.60.4.tgz 1651ms (cache miss)
202 http fetch GET 200 https://registry.npmjs.org/@jridgewell/gen-mapping/-/gen-mapping-0.3.13.tgz 1832ms (cache miss)
203 http fetch GET 200 https://registry.npmjs.org/@babel/helpers/-/helpers-7.29.7.tgz 2104ms (cache miss)
204 http fetch GET 200 https://registry.npmjs.org/@babel/core/-/core-7.29.7.tgz 2186ms (cache miss)
205 http fetch GET 200 https://registry.npmjs.org/@babel/generator/-/generator-7.29.7.tgz 2468ms (cache miss)
206 http fetch GET 200 https://registry.npmjs.org/@babel/parser/-/parser-7.29.7.tgz 2612ms (cache miss)
207 http fetch GET 200 https://registry.npmjs.org/esbuild 1687ms (cache miss)
208 silly packumentCache corgi:https://registry.npmjs.org/esbuild set size:undefined disposed:false
209 http fetch GET 200 https://registry.npmjs.org/@babel/plugin-transform-react-jsx-source/-/plugin-transform-react-jsx-source-7.29.7.tgz 2803ms (cache miss)
210 http fetch GET 200 https://registry.npmjs.org/@babel/helper-compilation-targets/-/helper-compilation-targets-7.29.7.tgz 3330ms (cache miss)
211 http fetch GET 200 https://registry.npmjs.org/@esbuild/darwin-arm64/-/darwin-arm64-0.21.5.tgz 4237ms (cache miss)
212 info run esbuild@0.21.5 postinstall node_modules/esbuild node install.js
213 http fetch GET 200 https://registry.npmjs.org/vite 3331ms (cache miss)
214 silly packumentCache corgi:https://registry.npmjs.org/vite set size:undefined disposed:false
215 silly packumentCache corgi:https://registry.npmjs.org/@vitejs%2fplugin-react cache-miss
216 http fetch GET 200 https://registry.npmjs.org/@vitejs%2fplugin-react 142ms (cache miss)
217 silly packumentCache corgi:https://registry.npmjs.org/@vitejs%2fplugin-react set size:undefined disposed:false
218 info run esbuild@0.21.5 postinstall { code: 0, signal: null }
219 silly ADD node_modules/yallist
220 silly ADD node_modules/vite
221 silly ADD node_modules/update-browserslist-db
222 silly ADD node_modules/source-map-js
223 silly ADD node_modules/semver
224 silly ADD node_modules/scheduler
225 silly ADD node_modules/rollup
226 silly ADD node_modules/react-refresh
227 silly ADD node_modules/react-dom
228 silly ADD node_modules/react
229 silly ADD node_modules/postcss
230 silly ADD node_modules/picocolors
231 silly ADD node_modules/node-releases
232 silly ADD node_modules/nanoid
233 silly ADD node_modules/ms
234 silly ADD node_modules/lru-cache
235 silly ADD node_modules/loose-envify
236 silly ADD node_modules/json5
237 silly ADD node_modules/jsesc
238 silly ADD node_modules/js-tokens
239 silly ADD node_modules/gensync
240 silly ADD node_modules/fsevents
241 silly ADD node_modules/escalade
242 silly ADD node_modules/esbuild
243 silly ADD node_modules/electron-to-chromium
244 silly ADD node_modules/debug
245 silly ADD node_modules/convert-source-map
246 silly ADD node_modules/caniuse-lite
247 silly ADD node_modules/browserslist
248 silly ADD node_modules/baseline-browser-mapping
249 silly ADD node_modules/@vitejs/plugin-react
250 silly ADD node_modules/@types/estree
251 silly ADD node_modules/@types/babel__traverse
252 silly ADD node_modules/@types/babel__template
253 silly ADD node_modules/@types/babel__generator
254 silly ADD node_modules/@types/babel__core
255 silly ADD node_modules/@rollup/rollup-darwin-arm64
256 silly ADD node_modules/@rolldown/pluginutils
257 silly ADD node_modules/@jridgewell/trace-mapping
258 silly ADD node_modules/@jridgewell/sourcemap-codec
259 silly ADD node_modules/@jridgewell/resolve-uri
260 silly ADD node_modules/@jridgewell/remapping
261 silly ADD node_modules/@jridgewell/gen-mapping
262 silly ADD node_modules/@esbuild/darwin-arm64
263 silly ADD node_modules/@babel/types
264 silly ADD node_modules/@babel/traverse
265 silly ADD node_modules/@babel/template
266 silly ADD node_modules/@babel/plugin-transform-react-jsx-source
267 silly ADD node_modules/@babel/plugin-transform-react-jsx-self
268 silly ADD node_modules/@babel/parser
269 silly ADD node_modules/@babel/helpers
270 silly ADD node_modules/@babel/helper-validator-option
271 silly ADD node_modules/@babel/helper-validator-identifier
272 silly ADD node_modules/@babel/helper-string-parser
273 silly ADD node_modules/@babel/helper-plugin-utils
274 silly ADD node_modules/@babel/helper-module-transforms
275 silly ADD node_modules/@babel/helper-module-imports
276 silly ADD node_modules/@babel/helper-globals
277 silly ADD node_modules/@babel/helper-compilation-targets
278 silly ADD node_modules/@babel/generator
279 silly ADD node_modules/@babel/core
280 silly ADD node_modules/@babel/compat-data
281 silly ADD node_modules/@babel/code-frame
282 verbose cwd /Users/swastikghosh/Downloads/heartcheck-ai/frontend
283 verbose os Darwin 25.3.0
284 verbose node v24.14.0
285 verbose npm  v11.9.0
286 notice
286 notice New [33mminor[39m version of npm available! [33m11.9.0[39m -> [34m11.15.0[39m
286 notice Changelog: [34mhttps://github.com/npm/cli/releases/tag/v11.15.0[39m
286 notice To update run: [4mnpm install -g npm@11.15.0[24m
286 notice  { force: true, Symbol(proc-log.meta): true }
287 verbose exit 0
288 info ok
